// Jest Snapshot v1, https://goo.gl/fbAQLP

exports[`AUTH / should take a snapshot 1`] = `
<DocumentFragment>
  <div
    class="MuiContainer-root css-161ifd5 MuiContainer-maxWidthXs"
    themespacing="64"
  >
    <div
      class="MuiAvatar-root MuiAvatar-circle css-1d3kzn2 MuiAvatar-colorDefault"
      color="[object Object]"
      themespacing="8"
    >
      <svg
        aria-hidden="true"
        class="MuiSvgIcon-root"
        focusable="false"
        viewBox="0 0 24 24"
      >
        <path
          d="M18 8h-1V6c0-2.76-2.24-5-5-5S7 3.24 7 6v2H6c-1.1 0-2 .9-2 2v10c0 1.1.9 2 2 2h12c1.1 0 2-.9 2-2V10c0-1.1-.9-2-2-2zM9 6c0-1.66 1.34-3 3-3s3 1.34 3 3v2H9V6zm9 14H6V10h12v10zm-6-3c1.1 0 2-.9 2-2s-.9-2-2-2-2 .9-2 2 .9 2 2 2z"
        />
      </svg>
    </div>
    <h1
      class="MuiTypography-root MuiTypography-h5"
    >
      Sign in
    </h1>
    <div
      class="css-18xyd39"
    >
      <div
        class="MuiFormControl-root MuiTextField-root MuiFormControl-marginNormal MuiFormControl-fullWidth"
      >
        <div
          class="MuiInputBase-root MuiOutlinedInput-root MuiInputBase-fullWidth Mui-focused Mui-focused MuiInputBase-formControl"
        >
          <input
            aria-invalid="false"
            autocomplete="identifiant"
            class="MuiInputBase-input MuiOutlinedInput-input"
            id="identifiant"
            name="identifiant"
            placeholder="identifiant"
            required=""
            type="text"
            value=""
          />
          <fieldset
            aria-hidden="true"
            class="PrivateNotchedOutline-root-93 MuiOutlinedInput-notchedOutline"
            style="padding-left: 8px;"
          >
            <legend
              class="PrivateNotchedOutline-legend-94"
              style="width: 0.01px;"
            >
              <span>
                ​
              </span>
            </legend>
          </fieldset>
        </div>
      </div>
      <div
        class="MuiFormControl-root MuiTextField-root MuiFormControl-marginNormal MuiFormControl-fullWidth"
      >
        <label
          class="MuiFormLabel-root MuiInputLabel-root MuiInputLabel-formControl MuiInputLabel-animated MuiInputLabel-outlined Mui-required Mui-required"
          data-shrink="false"
          for="password"
          id="password-label"
        >
          Password
          <span
            class="MuiFormLabel-asterisk MuiInputLabel-asterisk"
          >
             *
          </span>
        </label>
        <div
          class="MuiInputBase-root MuiOutlinedInput-root MuiInputBase-fullWidth MuiInputBase-formControl"
        >
          <input
            aria-invalid="false"
            autocomplete="current-password"
            class="MuiInputBase-input MuiOutlinedInput-input"
            id="password"
            name="password"
            placeholder="password"
            required=""
            type="password"
            value=""
          />
          <fieldset
            aria-hidden="true"
            class="PrivateNotchedOutline-root-93 MuiOutlinedInput-notchedOutline"
          >
            <legend
              class="PrivateNotchedOutline-legendLabelled-95"
            >
              <span>
                Password *
              </span>
            </legend>
          </fieldset>
        </div>
      </div>
      <button
        class="MuiButtonBase-root MuiButton-root MuiButton-text css-14mvmu7 MuiButton-fullWidth"
        palette="[object Object]"
        tabindex="0"
        themespacing="24px 0px 16px"
        type="submit"
      >
        <span
          class="MuiButton-label"
        >
          Sign In
        </span>
        <span
          class="MuiTouchRipple-root"
        />
      </button>
    </div>
  </div>
</DocumentFragment>
`;
