// Jest Snapshot v1, https://goo.gl/fbAQLP

exports[`default/ should take a snapshot 1`] = `
<DocumentFragment>
  <div
    class="MuiContainer-root css-uyclst MuiContainer-maxWidthLg"
    spacing="4"
    themespacing="32"
  >
    <header
      class="MuiPaper-root MuiAppBar-root MuiAppBar-positionFixed MuiAppBar-colorPrimary mui-fixed MuiPaper-elevation4"
      style="background-color: rgb(10, 55, 88);"
    >
      <div
        class="MuiToolbar-root MuiToolbar-regular MuiToolbar-gutters"
      >
        <h3
          class="MuiTypography-root MuiTypography-h3"
          style="flex-grow: 1;"
        >
          Dashboard
        </h3>
        <div>
          <button
            aria-controls="menu-appbar-notif"
            aria-haspopup="true"
            aria-label="show new notifications"
            class="MuiButtonBase-root MuiIconButton-root MuiIconButton-colorInherit"
            tabindex="0"
            type="button"
          >
            <span
              class="MuiIconButton-label"
            >
              <span
                class="MuiBadge-root"
              >
                <svg
                  aria-hidden="true"
                  class="MuiSvgIcon-root"
                  focusable="false"
                  viewBox="0 0 24 24"
                >
                  <path
                    d="M12 22c1.1 0 2-.9 2-2h-4c0 1.1.89 2 2 2zm6-6v-5c0-3.07-1.64-5.64-4.5-6.32V4c0-.83-.67-1.5-1.5-1.5s-1.5.67-1.5 1.5v.68C7.63 5.36 6 7.92 6 11v5l-2 2v1h16v-1l-2-2z"
                  />
                </svg>
                <span
                  class="MuiBadge-badge MuiBadge-anchorOriginTopRightRectangle MuiBadge-colorSecondary MuiBadge-invisible"
                >
                  0
                </span>
              </span>
            </span>
            <span
              class="MuiTouchRipple-root"
            />
          </button>
          <button
            aria-controls="menu-appbar-user"
            aria-haspopup="true"
            aria-label="account of current user"
            class="MuiButtonBase-root MuiIconButton-root MuiIconButton-colorInherit"
            tabindex="0"
            type="button"
          >
            <span
              class="MuiIconButton-label"
            >
              <svg
                aria-hidden="true"
                class="MuiSvgIcon-root"
                focusable="false"
                viewBox="0 0 24 24"
              >
                <path
                  d="M12 2C6.48 2 2 6.48 2 12s4.48 10 10 10 10-4.48 10-10S17.52 2 12 2zm0 3c1.66 0 3 1.34 3 3s-1.34 3-3 3-3-1.34-3-3 1.34-3 3-3zm0 14.2c-2.5 0-4.71-1.28-6-3.22.03-1.99 4-3.08 6-3.08 1.99 0 5.97 1.09 6 3.08-1.29 1.94-3.5 3.22-6 3.22z"
                />
              </svg>
            </span>
            <span
              class="MuiTouchRipple-root"
            />
          </button>
        </div>
      </div>
    </header>
    <main
      class="css-83ceuk"
    >
      <div
        class="css-1jtlko4"
      />
      <div
        class="MuiGrid-root MuiGrid-container MuiGrid-spacing-xs-3"
      >
        <div
          class="MuiGrid-root MuiGrid-item MuiGrid-grid-xs-12"
        >
          <div
            class="MuiPaper-root css-h5c6u5 MuiPaper-elevation1 MuiPaper-rounded"
          />
        </div>
        <div
          class="MuiGrid-root MuiGrid-item MuiGrid-grid-xs-12"
        >
          <div
            class="MuiPaper-root css-h5c6u5 MuiPaper-elevation1 MuiPaper-rounded"
          />
        </div>
        <div
          class="MuiGrid-root MuiGrid-item MuiGrid-grid-xs-12"
        >
          <div
            class="MuiPaper-root css-h5c6u5 MuiPaper-elevation1 MuiPaper-rounded"
          />
        </div>
        <div
          class="MuiGrid-root MuiGrid-item MuiGrid-grid-xs-12 MuiGrid-grid-md-6 MuiGrid-grid-lg-6"
        >
          <div
            class="MuiPaper-root css-h5c6u5 MuiPaper-elevation1 MuiPaper-rounded"
          />
        </div>
        <div
          class="MuiGrid-root MuiGrid-item MuiGrid-grid-xs-12 MuiGrid-grid-md-6 MuiGrid-grid-lg-6"
        >
          <div
            class="MuiPaper-root css-h5c6u5 MuiPaper-elevation1 MuiPaper-rounded"
          />
        </div>
      </div>
    </main>
  </div>
</DocumentFragment>
`;
